cpu-bind=MASK - worker-16, task  0  0 [429635]: mask 0xf set
[transformers] `torch_dtype` is deprecated! Use `dtype` instead!
Loading weights:   0%|          | 0/288 [00:00<?, ?it/s]Loading weights:   0%|          | 1/288 [00:00<04:06,  1.16it/s]Loading weights:  32%|███▏      | 91/288 [00:00<00:01, 122.54it/s]Loading weights:  45%|████▌     | 130/288 [00:01<00:01, 126.39it/s]Loading weights:  55%|█████▍    | 157/288 [00:01<00:00, 138.36it/s]Loading weights:  63%|██████▎   | 181/288 [00:01<00:00, 138.81it/s]Loading weights:  70%|███████   | 202/288 [00:01<00:00, 141.71it/s]Loading weights:  77%|███████▋  | 221/288 [00:01<00:00, 147.59it/s]Loading weights:  83%|████████▎ | 239/288 [00:02<00:00, 140.65it/s]Loading weights:  89%|████████▉ | 256/288 [00:02<00:00, 143.92it/s]Loading weights:  95%|█████████▍| 273/288 [00:02<00:00, 146.55it/s]Loading weights: 100%|██████████| 288/288 [00:02<00:00, 125.83it/s]
task=syntaxgym/npi_ever_subj-relc num_spans=8 d_sae=16384 layer=12
step 0  loss 12.9594  k~131
step 100  loss 5.0273  k~13
step 200  loss 4.5655  k~5572
step 300  loss 3.9665  k~255
step 400  loss 3.5725  k~5866
step 500  loss 3.8488  k~1030
step 600  loss 3.5043  k~163
step 700  loss 3.7473  k~354
step 800  loss 3.9363  k~2763
step 900  loss 3.9359  k~96
step 1000  loss 3.7122  k~649
step 1100  loss 3.5773  k~11593
step 1200  loss 3.7186  k~81
step 1300  loss 3.8010  k~395
step 1400  loss 3.5864  k~17
step 1500  loss 3.7967  k~1484
step 1600  loss 3.9750  k~582
step 1700  loss 4.0500  k~30
step 1800  loss 4.0553  k~3475
step 1900  loss 3.7216  k~113
step 2000  loss 4.2243  k~40
step 2100  loss 3.9720  k~30
step 2200  loss 3.8147  k~36
step 2300  loss 3.8374  k~2
step 2400  loss 4.1821  k~89
step 2500  loss 3.3907  k~926
step 2600  loss 3.7386  k~1928
step 2700  loss 3.9457  k~903
step 2800  loss 3.6032  k~394
step 2900  loss 3.8536  k~1
step 3000  loss 3.8266  k~64
step 3100  loss 3.7721  k~10618
step 3200  loss 3.7721  k~95
step 3300  loss 3.9386  k~8394
step 3400  loss 3.8862  k~1986
step 3500  loss 4.1838  k~2
step 3600  loss 4.2509  k~637
step 3700  loss 3.5357  k~2
step 3800  loss 3.5338  k~8
step 3900  loss 3.8092  k~1221
evaluating sufficiency curve...
=== SUFFICIENCY CURVE (prob-diff base-src; higher=more sufficient) ===
k=    1  learned acc=0.087 pd=-3.443   random acc=0.000 pd=-4.431
k=    2  learned acc=0.125 pd=-2.547   random acc=0.000 pd=-4.431
k=    4  learned acc=0.212 pd=-1.256   random acc=0.000 pd=-4.431
k=    8  learned acc=0.500 pd=+0.191   random acc=0.000 pd=-4.427
k=   12  learned acc=0.600 pd=+0.772   random acc=0.000 pd=-4.420
k=   16  learned acc=0.700 pd=+1.272   random acc=0.000 pd=-4.358
k=   24  learned acc=0.800 pd=+2.061   random acc=0.000 pd=-4.356
k=   32  learned acc=0.863 pd=+2.412   random acc=0.000 pd=-4.356
k=   48  learned acc=0.887 pd=+2.573   random acc=0.000 pd=-4.361
k=   64  learned acc=0.912 pd=+2.764   random acc=0.000 pd=-4.364
k=   96  learned acc=0.925 pd=+3.034   random acc=0.000 pd=-4.353
k=  128  learned acc=0.938 pd=+3.150   random acc=0.000 pd=-4.356
k=  192  learned acc=0.938 pd=+3.239   random acc=0.000 pd=-4.280
k=  256  learned acc=0.938 pd=+3.275   random acc=0.000 pd=-4.288
k=  384  learned acc=0.938 pd=+3.348   random acc=0.000 pd=-4.273
k=  512  learned acc=0.938 pd=+3.402   random acc=0.000 pd=-4.248
k=  768  learned acc=0.925 pd=+3.387   random acc=0.013 pd=-4.166
k= 1024  learned acc=0.925 pd=+3.425   random acc=0.013 pd=-4.147
k= 2048  learned acc=0.938 pd=+3.439   random acc=0.087 pd=-2.912
k= 4096  learned acc=0.938 pd=+3.475   random acc=0.163 pd=-2.098
