cpu-bind=MASK - worker-16, task  0  0 [436296]: mask 0xf0 set
[transformers] `torch_dtype` is deprecated! Use `dtype` instead!
Loading weights:   0%|          | 0/288 [00:00<?, ?it/s]Loading weights:   0%|          | 1/288 [00:00<02:26,  1.95it/s]Loading weights:  44%|████▍     | 126/288 [00:00<00:00, 270.21it/s]Loading weights:  68%|██████▊   | 195/288 [00:00<00:00, 302.36it/s]Loading weights:  86%|████████▋ | 249/288 [00:00<00:00, 307.90it/s]Loading weights: 100%|██████████| 288/288 [00:01<00:00, 265.40it/s]
DAS-64 single-layer L12 task=syntaxgym/npi_ever_subj-relc
step 0 loss 13.0995
step 100 loss 3.3868
step 200 loss 0.9169
step 300 loss 0.5875
step 400 loss 0.5769
step 500 loss 0.4862
step 600 loss 0.4412
step 700 loss 0.5743
step 800 loss 0.4531
step 900 loss 0.4589
step 1000 loss 0.4873
step 1100 loss 0.4413
step 1200 loss 0.3935
step 1300 loss 0.4292
step 1400 loss 0.4883
step 1500 loss 0.4878
step 1600 loss 0.4083
step 1700 loss 0.4159
step 1800 loss 0.2302
step 1900 loss 0.5477
step 2000 loss 0.3889
step 2100 loss 0.3889
step 2200 loss 0.3628
step 2300 loss 0.5081
step 2400 loss 0.4029
step 2500 loss 0.5219
step 2600 loss 0.3839
step 2700 loss 0.3243
step 2800 loss 0.3816
step 2900 loss 0.5270
step 3000 loss 0.3142
step 3100 loss 0.5120
step 3200 loss 0.4525
step 3300 loss 0.4806
step 3400 loss 0.4469
step 3500 loss 0.3760
step 3600 loss 0.4190
step 3700 loss 0.6490
step 3800 loss 0.3229
step 3900 loss 0.5309
=== DAS-64 SUFFICIENCY ===
k=  1 learned acc=0.875 pd=+3.078 random acc=0.000
k=  2 learned acc=1.000 pd=+5.347 random acc=0.000
k=  4 learned acc=1.000 pd=+7.097 random acc=0.000
k=  8 learned acc=1.000 pd=+9.459 random acc=0.000
k= 12 learned acc=1.000 pd=+9.778 random acc=0.000
k= 16 learned acc=1.000 pd=+10.375 random acc=0.000
k= 24 learned acc=1.000 pd=+11.773 random acc=0.037
k= 32 learned acc=1.000 pd=+12.100 random acc=0.062
k= 48 learned acc=1.000 pd=+12.670 random acc=0.150
k= 64 learned acc=1.000 pd=+12.292 random acc=1.000
